Archive member included to satisfy reference by file (symbol)

/home/wyh/freedomstudio/SiFive/riscv64-unknown-elf-gcc-8.3.0-2019.08.0/bin/../lib/gcc/riscv64-unknown-elf/8.3.0/../../../../riscv64-unknown-elf/lib/rv64imafdc/lp64d/libc_nano.a(lib_a-lldiv.o)
                              ../sdio/mmc.o (lldiv)
/home/wyh/freedomstudio/SiFive/riscv64-unknown-elf-gcc-8.3.0-2019.08.0/bin/../lib/gcc/riscv64-unknown-elf/8.3.0/../../../../riscv64-unknown-elf/lib/rv64imafdc/lp64d/libc_nano.a(lib_a-memcmp.o)
                              ../sdio/mmc.o (memcmp)

Allocating common symbols
Common symbol       size              file

vic_spi_slave       0x18              ../spi/cadence_qspi.o
spi_priv            0x48              ../spi/cadence_qspi.o
local_mmc0          0x168             ../sdio/sdio.o
cadence_spi4x_func  0x10              ../spi/cadence_qspi.o
local_host0         0x90              ../sdio/sdio.o
operations          0x8               ../spi/spi.o
cadence_plat        0x40              ../spi/cadence_qspi.o

Memory Configuration

Name             Origin             Length             Attributes
ram              0x0000000018080000 0x0000000000030000 xrw
*default*        0x0000000000000000 0xffffffffffffffff

Linker script and memory map

LOAD ../boot/start.o
LOAD ../boot/bootmain.o
LOAD ../boot/trap.o
LOAD ../uart/uart.o
LOAD ../uart/cmd.o
LOAD ../uart/xmodem.o
LOAD ../common/util.o
LOAD ../gpio/gpio.o
LOAD ../spi/spi.o
LOAD ../spi/spi_probe.o
LOAD ../spi/cadence_qspi.o
LOAD ../spi/spi_flash.o
LOAD ../spi/cadence_qspi_apb.o
LOAD ../timer/timer.o
LOAD ../sdio/bouncebuf.o
LOAD ../sdio/dw_mmc.o
LOAD ../sdio/mmc.o
LOAD ../sdio/mmc_write.o
LOAD ../sdio/sdio.o
LOAD ../gpt/gpt.o
LOAD ../ddrphy_cfg/regconfig.h.sim_PHY.o
LOAD ../ddrphy_cfg/regconfig.h.sim_PI.o
LOAD ../ddrphy_cfg/lpddr4_1600_cl28_bl16/regconfig_pi_start.o
LOAD ../ddrc_cfg/lpddr4_1066_cl20_bl16/orbit_boot_1066.o
LOAD /home/wyh/freedomstudio/SiFive/riscv64-unknown-elf-gcc-8.3.0-2019.08.0/bin/../lib/gcc/riscv64-unknown-elf/8.3.0/rv64imafdc/lp64d/libgcc.a
LOAD /home/wyh/freedomstudio/SiFive/riscv64-unknown-elf-gcc-8.3.0-2019.08.0/bin/../lib/gcc/riscv64-unknown-elf/8.3.0/../../../../riscv64-unknown-elf/lib/rv64imafdc/lp64d/libc_nano.a
LOAD /home/wyh/freedomstudio/SiFive/riscv64-unknown-elf-gcc-8.3.0-2019.08.0/bin/../lib/gcc/riscv64-unknown-elf/8.3.0/rv64imafdc/lp64d/libgcc.a
START GROUP
LOAD /home/wyh/freedomstudio/SiFive/riscv64-unknown-elf-gcc-8.3.0-2019.08.0/bin/../lib/gcc/riscv64-unknown-elf/8.3.0/rv64imafdc/lp64d/libgcc.a
LOAD /home/wyh/freedomstudio/SiFive/riscv64-unknown-elf-gcc-8.3.0-2019.08.0/bin/../lib/gcc/riscv64-unknown-elf/8.3.0/../../../../riscv64-unknown-elf/lib/rv64imafdc/lp64d/libc_nano.a
LOAD /home/wyh/freedomstudio/SiFive/riscv64-unknown-elf-gcc-8.3.0-2019.08.0/bin/../lib/gcc/riscv64-unknown-elf/8.3.0/../../../../riscv64-unknown-elf/lib/rv64imafdc/lp64d/libgloss_nano.a
END GROUP
                0x0000000000000800                __stack_size = DEFINED (__stack_size)?__stack_size:0x800

.init           0x0000000018080000       0xca
 *(SORT_NONE(.init))
 .init          0x0000000018080000       0xca ../boot/start.o
                0x0000000018080000                _start

.text           0x00000000180800ca    0x11c74
                [!provide]                        PROVIDE (_ftext = .)
 *(.text.unlikely .text.unlikely.*)
 *(.text.startup .text.startup.*)
 *(.text .text.*)
 .text          0x00000000180800ca        0x0 ../boot/start.o
 .text          0x00000000180800ca      0x436 ../boot/bootmain.o
                0x000000001808019a                start2run32
                0x00000000180801a6                boot_from_uart
                0x00000000180801aa                boot_from_sdio
                0x00000000180801d6                boot_from_spi
                0x0000000018080204                second_hart
                0x0000000018080210                BootMain
 .text          0x0000000018080500       0x36 ../boot/trap.o
                0x0000000018080500                handle_trap
                0x0000000018080522                trap_entry
 .text          0x0000000018080536      0x8b0 ../uart/uart.o
                0x0000000018080536                __serial_tstc
                0x0000000018080556                serial_tstc
                0x0000000018080558                uart_init
                0x0000000018080948                _putc
                0x0000000018080972                rlSendString
                0x00000000180809a8                CtrlBreak
                0x00000000180809d8                serial_getc
                0x0000000018080a00                serial_gets
                0x0000000018080ace                _puts
                0x0000000018080ad0                print_ubyte_hex
                0x0000000018080b14                serial_nowait_getc
                0x0000000018080b40                vnprintf
                0x0000000018080dc2                printk
 .text          0x0000000018080de6      0xf10 ../uart/cmd.o
                0x0000000018080de6                CmdHelpProc
                0x0000000018080e6e                StdInit
                0x0000000018080e90                CmdInit
                0x0000000018080ebc                ReadString
                0x0000000018080f4c                CmdString
                0x0000000018080f74                piteCmdLine
                0x0000000018080fbc                CmdErrorProc
                0x000000001808102c                U2Hex
                0x000000001808108c                A2Int
                0x0000000018081194                ShowHexChar
                0x00000000180811ec                PrintIntHex
                0x0000000018081238                RelayProc
                0x000000001808155c                LoadProc
                0x000000001808160c                Do32Proc
                0x000000001808168c                ShowByte
                0x000000001808171e                ShowShort
                0x000000001808179c                ShowLong
                0x0000000018081818                ShowProc
                0x0000000018081c4c                sys_cmd_main_loop
                0x0000000018081ca0                sys_cmd_proc
 .text          0x0000000018081cf6      0x1fe ../uart/xmodem.o
                0x0000000018081cf6                uart_putchar
                0x0000000018081cfa                uart_getchar
                0x0000000018081d0c                uart_waitchar
                0x0000000018081d1e                calcrc
                0x0000000018081d64                xmodem_recv_128
                0x0000000018081e1a                xmodem_recv_file
 .text          0x0000000018081ef4       0xae ../common/util.o
                0x0000000018081ef4                sys_memcpy
                0x0000000018081f0c                sys_memcmp
                0x0000000018081f48                _memcpy
                0x0000000018081f6a                sys_memcpy_32
                0x0000000018081f80                sys_memset
                0x0000000018081f90                sys_memset32
 .text          0x0000000018081fa2       0xd2 ../gpio/gpio.o
                0x0000000018081fa2                gpio_enable
                0x0000000018081fb8                gpio_get_val
                0x0000000018081fe4                get_boot_mode
                0x0000000018082012                gpio_init
 .text          0x0000000018082074       0x5c ../spi/spi.o
                0x0000000018082074                spi_register
                0x0000000018082084                spi_unregister
                0x0000000018082094                spi_setup_slave
                0x00000000180820ae                spi_xfer
 .text          0x00000000180820d0      0x166 ../spi/spi_probe.o
                0x00000000180820d0                spi_flash_probe_nor
                0x00000000180821e2                spi_flash_probe
 .text          0x0000000018082236      0x4cc ../spi/cadence_qspi.o
                0x000000001808228a                cadence_spi4x_setup_slave
                0x0000000018082606                cadence_qspi_init
 .text          0x0000000018082702      0x7a8 ../spi/spi_flash.o
                0x0000000018082766                spi_flash_cmd
                0x0000000018082784                spi_flash_cmd_read
                0x000000001808278c                spi_flash_cmd_write
                0x0000000018082792                spi_flash_cmd_write_enable
                0x00000000180827b4                spi_flash_cmd_write_status_enable
                0x00000000180827d8                spi_flash_cmd_write_disable
                0x00000000180827f8                spi_flash_cmd_read_status
                0x000000001808283c                spi_flash_cmd_poll_bit
                0x00000000180828a2                spi_flash_cmd_wait_ready
                0x00000000180828a8                spi_flash_cmd_poll_enable
                0x0000000018082902                spi_flash_cmd_status_poll_enable
                0x0000000018082960                spi_flash_cmd_wait_enable
                0x0000000018082966                spi_flash_write_status
                0x0000000018082a06                spi_flash_write_status_bit
                0x0000000018082a8e                spi_flash_protect
                0x0000000018082ab2                spi_flash_cmd_erase
                0x0000000018082bc2                spi_flash_erase_mode
                0x0000000018082bf6                spi_flash_cmd_write_mode
                0x0000000018082db6                spi_flash_read_common
                0x0000000018082dc0                spi_flash_cmd_read_fast
                0x0000000018082e00                spi_flash_read_mode
 .text          0x0000000018082eaa      0x812 ../spi/cadence_qspi_apb.o
                0x0000000018082f26                cadence_qspi_apb_controller_enable
                0x0000000018082f34                cadence_qspi_apb_controller_disable
                0x0000000018082f40                cadence_qspi_apb_readdata_capture
                0x0000000018082f78                cadence_qspi_apb_config_baudrate_div
                0x0000000018082fcc                cadence_qspi_apb_set_clk_mode
                0x0000000018082ff8                cadence_qspi_apb_chipselect
                0x0000000018083042                cadence_qspi_apb_delay
                0x0000000018083068                cadence_qspi_apb_controller_init
                0x00000000180830d8                cadence_qspi_apb_command_read
                0x0000000018083184                cadence_qspi_apb_command_write
                0x000000001808328e                cadence_qspi_apb_indirect_read_setup
                0x0000000018083336                cadence_qspi_apb_indirect_read_execute
                0x0000000018083490                cadence_qspi_apb_indirect_write_setup
                0x0000000018083520                cadence_qspi_apb_indirect_write_execute
 .text          0x00000000180836bc      0x3ae ../timer/timer.o
                0x00000000180836bc                timer_driver_to_base
                0x00000000180836c0                timer_int_enable
                0x00000000180836d6                timer_int_disable
                0x00000000180836ec                timer_disable
                0x0000000018083702                timer_is_timeout
                0x0000000018083718                timer_set_mode
                0x000000001808372c                timer_set_val
                0x0000000018083740                timer_set_reload_val
                0x0000000018083754                timer_set
                0x0000000018083872                timer_enable
                0x0000000018083888                timer_clr_int_status
                0x00000000180838a0                timer_get_val
                0x00000000180838b6                timer_stop
                0x00000000180838d4                timer_start
                0x00000000180838ec                timer_exit
                0x00000000180838f0                timer_init
                0x000000001808395c                get_ticks
                0x00000000180839c4                get_timer
                0x00000000180839e6                usec_to_tick
                0x00000000180839f2                udelay
                0x0000000018083a12                mdelay
                0x0000000018083a3c                sdelay
 .text          0x0000000018083a6a       0x14 ../sdio/bouncebuf.o
                0x0000000018083a6a                bounce_buffer_start
 .text          0x0000000018083a7e      0x722 ../sdio/dw_mmc.o
                0x0000000018084136                add_dwmci
 .text          0x00000000180841a0     0x14a2 ../sdio/mmc.o
                0x00000000180843c4                mmc_send_cmd
                0x00000000180843ce                mmc_send_status
                0x0000000018084f3c                mmc_set_blocklen
                0x0000000018084f4a                mmc_switch_part
                0x0000000018084fa4                mmc_select_hwpart
                0x0000000018084fec                mmc_hwpart_config
                0x00000000180852f4                mmc_set_clock
                0x0000000018085322                mmc_create
                0x00000000180853d2                mmc_start_init
                0x000000001808558e                mmc_init
                0x000000001808563c                mmc_set_dsr
 .text          0x0000000018085642      0x25c ../sdio/mmc_write.o
                0x0000000018085642                mmc_berase
                0x0000000018085780                mmc_bwrite
 .text          0x000000001808589e      0x34e ../sdio/sdio.o
                0x00000000180858e4                boot_sdio_init
                0x0000000018085b24                boot_load_gpt_partition
 .text          0x0000000018085bec       0x58 ../gpt/gpt.o
                0x0000000018085bec                gpt_find_partition_by_guid
 .text          0x0000000018085c44     0x8ce8 ../ddrphy_cfg/regconfig.h.sim_PHY.o
                0x0000000018085c44                regconfig_h_sim_phy
 .text          0x000000001808e92c     0x19ee ../ddrphy_cfg/regconfig.h.sim_PI.o
                0x000000001808e92c                regconfig_h_sim_pi
 .text          0x000000001809031a      0xed2 ../ddrphy_cfg/lpddr4_1600_cl28_bl16/regconfig_pi_start.o
                0x000000001809031a                regconfig_pi_start
 .text          0x00000000180911ec      0xb0e ../ddrc_cfg/lpddr4_1066_cl20_bl16/orbit_boot_1066.o
                0x00000000180911ec                orbit_boot
 .text          0x0000000018091cfa        0x0 /home/wyh/freedomstudio/SiFive/riscv64-unknown-elf-gcc-8.3.0-2019.08.0/bin/../lib/gcc/riscv64-unknown-elf/8.3.0/../../../../riscv64-unknown-elf/lib/rv64imafdc/lp64d/libc_nano.a(lib_a-lldiv.o)
 .text.lldiv    0x0000000018091cfa       0x1e /home/wyh/freedomstudio/SiFive/riscv64-unknown-elf-gcc-8.3.0-2019.08.0/bin/../lib/gcc/riscv64-unknown-elf/8.3.0/../../../../riscv64-unknown-elf/lib/rv64imafdc/lp64d/libc_nano.a(lib_a-lldiv.o)
                0x0000000018091cfa                lldiv
 .text          0x0000000018091d18        0x0 /home/wyh/freedomstudio/SiFive/riscv64-unknown-elf-gcc-8.3.0-2019.08.0/bin/../lib/gcc/riscv64-unknown-elf/8.3.0/../../../../riscv64-unknown-elf/lib/rv64imafdc/lp64d/libc_nano.a(lib_a-memcmp.o)
 .text.memcmp   0x0000000018091d18       0x26 /home/wyh/freedomstudio/SiFive/riscv64-unknown-elf-gcc-8.3.0-2019.08.0/bin/../lib/gcc/riscv64-unknown-elf/8.3.0/../../../../riscv64-unknown-elf/lib/rv64imafdc/lp64d/libc_nano.a(lib_a-memcmp.o)
                0x0000000018091d18                memcmp
 *(.gnu.linkonce.t.*)
                [!provide]                        PROVIDE (__etext = .)
                [!provide]                        PROVIDE (_etext = .)
                [!provide]                        PROVIDE (etext = .)

.rodata         0x0000000018091d40      0x908
 *(.rdata)
 *(.rodata .rodata.*)
 .rodata.str1.8
                0x0000000018091d40       0xbe ../boot/bootmain.o
 *fill*         0x0000000018091dfe        0x2 
 .rodata.str1.8
                0x0000000018091e00       0x1b ../boot/trap.o
 *fill*         0x0000000018091e1b        0x5 
 .rodata        0x0000000018091e20       0x88 ../uart/uart.o
 .rodata.str1.8
                0x0000000018091ea8        0x4 ../uart/uart.o
                                          0xb (size before relaxing)
 *fill*         0x0000000018091eac        0x4 
 .rodata        0x0000000018091eb0       0x80 ../uart/cmd.o
                0x0000000018091eb0                CmdHandle
 .rodata.str1.8
                0x0000000018091f30      0x33b ../uart/cmd.o
                                        0x343 (size before relaxing)
 *fill*         0x000000001809226b        0x5 
 .rodata        0x0000000018092270       0x30 ../spi/spi_probe.o
 .rodata.str1.8
                0x00000000180922a0       0x1f ../spi/spi_probe.o
 *fill*         0x00000000180922bf        0x1 
 .rodata.str1.8
                0x00000000180922c0       0x14 ../spi/cadence_qspi_apb.o
 .rodata        0x00000000180922d4       0x1c ../timer/timer.o
 .rodata        0x00000000180922f0       0x60 ../sdio/dw_mmc.o
 .rodata.str1.8
                0x0000000018092350       0xcd ../sdio/dw_mmc.o
 *fill*         0x000000001809241d        0x3 
 .rodata        0x0000000018092420       0xf4 ../sdio/mmc.o
 *fill*         0x0000000018092514        0x4 
 .rodata.str1.8
                0x0000000018092518       0x16 ../sdio/mmc.o
 *fill*         0x000000001809252e        0x2 
 .rodata.str1.8
                0x0000000018092530       0x7b ../sdio/mmc_write.o
 *fill*         0x00000000180925ab        0x5 
 .rodata.str1.8
                0x00000000180925b0       0x78 ../sdio/sdio.o
                                         0x75 (size before relaxing)
 .rodata        0x0000000018092628       0x20 ../gpt/gpt.o
                0x0000000018092628                gpt_guid_sifive_kernel
                0x0000000018092638                gpt_guid_sifive_uboot
 *(.gnu.linkonce.r.*)

.eh_frame
 *(.eh_frame)

.srodata        0x0000000018092648        0x8
 *(.srodata.cst16)
 *(.srodata.cst8)
 .srodata.cst8  0x0000000018092648        0x8 ../sdio/sdio.o
 *(.srodata.cst4)
 *(.srodata.cst2)
 *(.srodata.*)

.rela.dyn       0x0000000018092650        0x0
 .rela.init     0x0000000018092650        0x0 ../boot/start.o
 .rela.text     0x0000000018092650        0x0 ../boot/start.o

.data           0x0000000018092650        0x0
 *(.data .data.* .gnu.linkonce.d.*)
 .data          0x0000000018092650        0x0 ../boot/start.o
 .data          0x0000000018092650        0x0 ../boot/bootmain.o
 .data          0x0000000018092650        0x0 ../boot/trap.o
 .data          0x0000000018092650        0x0 ../uart/uart.o
 .data          0x0000000018092650        0x0 ../uart/cmd.o
 .data          0x0000000018092650        0x0 ../uart/xmodem.o
 .data          0x0000000018092650        0x0 ../common/util.o
 .data          0x0000000018092650        0x0 ../gpio/gpio.o
 .data          0x0000000018092650        0x0 ../spi/spi.o
 .data          0x0000000018092650        0x0 ../spi/spi_probe.o
 .data          0x0000000018092650        0x0 ../spi/cadence_qspi.o
 .data          0x0000000018092650        0x0 ../spi/spi_flash.o
 .data          0x0000000018092650        0x0 ../spi/cadence_qspi_apb.o
 .data          0x0000000018092650        0x0 ../timer/timer.o
 .data          0x0000000018092650        0x0 ../sdio/bouncebuf.o
 .data          0x0000000018092650        0x0 ../sdio/dw_mmc.o
 .data          0x0000000018092650        0x0 ../sdio/mmc.o
 .data          0x0000000018092650        0x0 ../sdio/mmc_write.o
 .data          0x0000000018092650        0x0 ../sdio/sdio.o
 .data          0x0000000018092650        0x0 ../gpt/gpt.o
 .data          0x0000000018092650        0x0 ../ddrphy_cfg/regconfig.h.sim_PHY.o
 .data          0x0000000018092650        0x0 ../ddrphy_cfg/regconfig.h.sim_PI.o
 .data          0x0000000018092650        0x0 ../ddrphy_cfg/lpddr4_1600_cl28_bl16/regconfig_pi_start.o
 .data          0x0000000018092650        0x0 ../ddrc_cfg/lpddr4_1066_cl20_bl16/orbit_boot_1066.o
 .data          0x0000000018092650        0x0 /home/wyh/freedomstudio/SiFive/riscv64-unknown-elf-gcc-8.3.0-2019.08.0/bin/../lib/gcc/riscv64-unknown-elf/8.3.0/../../../../riscv64-unknown-elf/lib/rv64imafdc/lp64d/libc_nano.a(lib_a-lldiv.o)
 .data          0x0000000018092650        0x0 /home/wyh/freedomstudio/SiFive/riscv64-unknown-elf-gcc-8.3.0-2019.08.0/bin/../lib/gcc/riscv64-unknown-elf/8.3.0/../../../../riscv64-unknown-elf/lib/rv64imafdc/lp64d/libc_nano.a(lib_a-memcmp.o)
                0x0000000018092650                . = ALIGN (0x8)
                [!provide]                        PROVIDE (__global_pointer$ = (. + 0x800))
 *(.tohost)

.sdata          0x0000000018092650       0x1c
 *(.sdata .sdata.* .gnu.linkonce.s.*)
 .sdata         0x0000000018092650       0x18 ../uart/cmd.o
                0x0000000018092650                Showlength
                0x0000000018092658                showMode
                0x000000001809265c                gcurCmd
                0x0000000018092660                StdHdl
 .sdata         0x0000000018092668        0x4 ../sdio/mmc.o
                0x0000000018092650                PROVIDE (_data = ADDR (.data))
                0x0000000018092650                PROVIDE (_data_lma = LOADADDR (.data))
                0x000000001809266c                PROVIDE (_edata = .)
                0x0000000018092670                . = ALIGN (0x8)
                0x0000000018092670                PROVIDE (_bss_start = .)

.bss            0x0000000018092670      0x338
 *(.sbss*)
 .sbss          0x0000000018092670        0x4 ../uart/uart.o
                0x0000000018092670                uart_id
 *fill*         0x0000000018092674        0x4 
 .sbss          0x0000000018092678        0x8 ../uart/cmd.o
                0x0000000018092678                pCurShow
 .sbss          0x0000000018092680        0x4 ../spi/spi_probe.o
 *fill*         0x0000000018092684        0x4 
 .sbss          0x0000000018092688       0x1c ../timer/timer.o
                0x00000000180926a0                interrupt_count
 *(.gnu.linkonce.sb.*)
 *(.bss .bss.*)
 .bss           0x00000000180926a4        0x0 ../boot/start.o
 .bss           0x00000000180926a4        0x0 ../boot/bootmain.o
 .bss           0x00000000180926a4        0x0 ../boot/trap.o
 .bss           0x00000000180926a4        0x0 ../uart/uart.o
 .bss           0x00000000180926a4        0x0 ../uart/cmd.o
 .bss           0x00000000180926a4        0x0 ../uart/xmodem.o
 .bss           0x00000000180926a4        0x0 ../common/util.o
 .bss           0x00000000180926a4        0x0 ../gpio/gpio.o
 .bss           0x00000000180926a4        0x0 ../spi/spi.o
 *fill*         0x00000000180926a4        0x4 
 .bss           0x00000000180926a8       0x38 ../spi/spi_probe.o
 .bss           0x00000000180926e0        0x0 ../spi/cadence_qspi.o
 .bss           0x00000000180926e0        0x0 ../spi/spi_flash.o
 .bss           0x00000000180926e0        0x0 ../spi/cadence_qspi_apb.o
 .bss           0x00000000180926e0       0x18 ../timer/timer.o
 .bss           0x00000000180926f8        0x0 ../sdio/bouncebuf.o
 .bss           0x00000000180926f8        0x0 ../sdio/dw_mmc.o
 .bss           0x00000000180926f8        0x0 ../sdio/mmc.o
 .bss           0x00000000180926f8        0x0 ../sdio/mmc_write.o
 .bss           0x00000000180926f8        0x0 ../sdio/sdio.o
 .bss           0x00000000180926f8        0x0 ../gpt/gpt.o
 .bss           0x00000000180926f8        0x0 ../ddrphy_cfg/regconfig.h.sim_PHY.o
 .bss           0x00000000180926f8        0x0 ../ddrphy_cfg/regconfig.h.sim_PI.o
 .bss           0x00000000180926f8        0x0 ../ddrphy_cfg/lpddr4_1600_cl28_bl16/regconfig_pi_start.o
 .bss           0x00000000180926f8        0x0 ../ddrc_cfg/lpddr4_1066_cl20_bl16/orbit_boot_1066.o
 .bss           0x00000000180926f8        0x0 /home/wyh/freedomstudio/SiFive/riscv64-unknown-elf-gcc-8.3.0-2019.08.0/bin/../lib/gcc/riscv64-unknown-elf/8.3.0/../../../../riscv64-unknown-elf/lib/rv64imafdc/lp64d/libc_nano.a(lib_a-lldiv.o)
 .bss           0x00000000180926f8        0x0 /home/wyh/freedomstudio/SiFive/riscv64-unknown-elf-gcc-8.3.0-2019.08.0/bin/../lib/gcc/riscv64-unknown-elf/8.3.0/../../../../riscv64-unknown-elf/lib/rv64imafdc/lp64d/libc_nano.a(lib_a-memcmp.o)
 *(.gnu.linkonce.b.*)
 *(COMMON)
 COMMON         0x00000000180926f8        0x8 ../spi/spi.o
                0x00000000180926f8                operations
 COMMON         0x0000000018092700       0xb0 ../spi/cadence_qspi.o
                0x0000000018092700                vic_spi_slave
                0x0000000018092718                spi_priv
                0x0000000018092760                cadence_spi4x_func
                0x0000000018092770                cadence_plat
 COMMON         0x00000000180927b0      0x1f8 ../sdio/sdio.o
                0x00000000180927b0                local_mmc0
                0x0000000018092918                local_host0
                0x00000000180929a8                . = ALIGN (0x8)
                [!provide]                        PROVIDE (_ebss = .)
                [!provide]                        PROVIDE (_end = .)
                0x00000000180929a8                PROVIDE (_bss_end = .)
                0x0000000018094a08                PROVIDE (_sp = ALIGN ((MIN ((ORIGIN (ram) + LENGTH (ram)), (_bss_end + 0x2064)) - 0x7), 0x8))
                [!provide]                        PROVIDE (_heap_end = (_sp - 0x100))

.stack          0x00000000180929a8        0x0
                0x0000000000000001                ASSERT ((_sp >= (_bss_end + 0x1000)), Error: No room left for the heap and stack)
OUTPUT(ddrinit.elf elf64-littleriscv)

.riscv.attributes
                0x0000000000000000       0x35
 .riscv.attributes
                0x0000000000000000       0x33 ../boot/start.o
 .riscv.attributes
                0x0000000000000033       0x35 ../boot/bootmain.o
 .riscv.attributes
                0x0000000000000068       0x35 ../boot/trap.o
 .riscv.attributes
                0x000000000000009d       0x35 ../uart/uart.o
 .riscv.attributes
                0x00000000000000d2       0x35 ../uart/cmd.o
 .riscv.attributes
                0x0000000000000107       0x35 ../uart/xmodem.o
 .riscv.attributes
                0x000000000000013c       0x35 ../common/util.o
 .riscv.attributes
                0x0000000000000171       0x35 ../gpio/gpio.o
 .riscv.attributes
                0x00000000000001a6       0x35 ../spi/spi.o
 .riscv.attributes
                0x00000000000001db       0x35 ../spi/spi_probe.o
 .riscv.attributes
                0x0000000000000210       0x35 ../spi/cadence_qspi.o
 .riscv.attributes
                0x0000000000000245       0x35 ../spi/spi_flash.o
 .riscv.attributes
                0x000000000000027a       0x35 ../spi/cadence_qspi_apb.o
 .riscv.attributes
                0x00000000000002af       0x35 ../timer/timer.o
 .riscv.attributes
                0x00000000000002e4       0x35 ../sdio/bouncebuf.o
 .riscv.attributes
                0x0000000000000319       0x35 ../sdio/dw_mmc.o
 .riscv.attributes
                0x000000000000034e       0x35 ../sdio/mmc.o
 .riscv.attributes
                0x0000000000000383       0x35 ../sdio/mmc_write.o
 .riscv.attributes
                0x00000000000003b8       0x35 ../sdio/sdio.o
 .riscv.attributes
                0x00000000000003ed       0x35 ../gpt/gpt.o
 .riscv.attributes
                0x0000000000000422       0x35 ../ddrphy_cfg/regconfig.h.sim_PHY.o
 .riscv.attributes
                0x0000000000000457       0x35 ../ddrphy_cfg/regconfig.h.sim_PI.o
 .riscv.attributes
                0x000000000000048c       0x35 ../ddrphy_cfg/lpddr4_1600_cl28_bl16/regconfig_pi_start.o
 .riscv.attributes
                0x00000000000004c1       0x35 ../ddrc_cfg/lpddr4_1066_cl20_bl16/orbit_boot_1066.o
 .riscv.attributes
                0x00000000000004f6       0x35 /home/wyh/freedomstudio/SiFive/riscv64-unknown-elf-gcc-8.3.0-2019.08.0/bin/../lib/gcc/riscv64-unknown-elf/8.3.0/../../../../riscv64-unknown-elf/lib/rv64imafdc/lp64d/libc_nano.a(lib_a-lldiv.o)
 .riscv.attributes
                0x000000000000052b       0x35 /home/wyh/freedomstudio/SiFive/riscv64-unknown-elf-gcc-8.3.0-2019.08.0/bin/../lib/gcc/riscv64-unknown-elf/8.3.0/../../../../riscv64-unknown-elf/lib/rv64imafdc/lp64d/libc_nano.a(lib_a-memcmp.o)

.comment        0x0000000000000000       0x28
 .comment       0x0000000000000000       0x28 ../boot/bootmain.o
                                         0x29 (size before relaxing)
 .comment       0x0000000000000028       0x29 ../boot/trap.o
 .comment       0x0000000000000028       0x29 ../uart/uart.o
 .comment       0x0000000000000028       0x29 ../uart/cmd.o
 .comment       0x0000000000000028       0x29 ../uart/xmodem.o
 .comment       0x0000000000000028       0x29 ../common/util.o
 .comment       0x0000000000000028       0x29 ../gpio/gpio.o
 .comment       0x0000000000000028       0x29 ../spi/spi.o
 .comment       0x0000000000000028       0x29 ../spi/spi_probe.o
 .comment       0x0000000000000028       0x29 ../spi/cadence_qspi.o
 .comment       0x0000000000000028       0x29 ../spi/spi_flash.o
 .comment       0x0000000000000028       0x29 ../spi/cadence_qspi_apb.o
 .comment       0x0000000000000028       0x29 ../timer/timer.o
 .comment       0x0000000000000028       0x29 ../sdio/bouncebuf.o
 .comment       0x0000000000000028       0x29 ../sdio/dw_mmc.o
 .comment       0x0000000000000028       0x29 ../sdio/mmc.o
 .comment       0x0000000000000028       0x29 ../sdio/mmc_write.o
 .comment       0x0000000000000028       0x29 ../sdio/sdio.o
 .comment       0x0000000000000028       0x29 ../gpt/gpt.o
 .comment       0x0000000000000028       0x29 ../ddrphy_cfg/regconfig.h.sim_PHY.o
 .comment       0x0000000000000028       0x29 ../ddrphy_cfg/regconfig.h.sim_PI.o
 .comment       0x0000000000000028       0x29 ../ddrphy_cfg/lpddr4_1600_cl28_bl16/regconfig_pi_start.o
 .comment       0x0000000000000028       0x29 ../ddrc_cfg/lpddr4_1066_cl20_bl16/orbit_boot_1066.o
 .comment       0x0000000000000028       0x29 /home/wyh/freedomstudio/SiFive/riscv64-unknown-elf-gcc-8.3.0-2019.08.0/bin/../lib/gcc/riscv64-unknown-elf/8.3.0/../../../../riscv64-unknown-elf/lib/rv64imafdc/lp64d/libc_nano.a(lib_a-lldiv.o)
 .comment       0x0000000000000028       0x29 /home/wyh/freedomstudio/SiFive/riscv64-unknown-elf-gcc-8.3.0-2019.08.0/bin/../lib/gcc/riscv64-unknown-elf/8.3.0/../../../../riscv64-unknown-elf/lib/rv64imafdc/lp64d/libc_nano.a(lib_a-memcmp.o)

.debug_line     0x0000000000000000    0x2302f
 .debug_line    0x0000000000000000      0x164 ../boot/start.o
 .debug_line    0x0000000000000164      0xa28 ../boot/bootmain.o
 .debug_line    0x0000000000000b8c      0x105 ../boot/trap.o
 .debug_line    0x0000000000000c91     0x1c00 ../uart/uart.o
 .debug_line    0x0000000000002891     0x23c4 ../uart/cmd.o
 .debug_line    0x0000000000004c55      0x670 ../uart/xmodem.o
 .debug_line    0x00000000000052c5      0x2b8 ../common/util.o
 .debug_line    0x000000000000557d      0x396 ../gpio/gpio.o
 .debug_line    0x0000000000005913      0x1a5 ../spi/spi.o
 .debug_line    0x0000000000005ab8      0x3ba ../spi/spi_probe.o
 .debug_line    0x0000000000005e72      0xb4a ../spi/cadence_qspi.o
 .debug_line    0x00000000000069bc     0x123a ../spi/spi_flash.o
 .debug_line    0x0000000000007bf6     0x1f36 ../spi/cadence_qspi_apb.o
 .debug_line    0x0000000000009b2c      0xeed ../timer/timer.o
 .debug_line    0x000000000000aa19       0xda ../sdio/bouncebuf.o
 .debug_line    0x000000000000aaf3     0x1a02 ../sdio/dw_mmc.o
 .debug_line    0x000000000000c4f5     0x3cde ../sdio/mmc.o
 .debug_line    0x00000000000101d3      0x6c4 ../sdio/mmc_write.o
 .debug_line    0x0000000000010897      0x7ac ../sdio/sdio.o
 .debug_line    0x0000000000011043      0x108 ../gpt/gpt.o
 .debug_line    0x000000000001114b     0xca73 ../ddrphy_cfg/regconfig.h.sim_PHY.o
 .debug_line    0x000000000001dbbe     0x214c ../ddrphy_cfg/regconfig.h.sim_PI.o
 .debug_line    0x000000000001fd0a     0x1e59 ../ddrphy_cfg/lpddr4_1600_cl28_bl16/regconfig_pi_start.o
 .debug_line    0x0000000000021b63     0x14cc ../ddrc_cfg/lpddr4_1066_cl20_bl16/orbit_boot_1066.o

.debug_info     0x0000000000000000    0x1475a
 .debug_info    0x0000000000000000       0x2e ../boot/start.o
 .debug_info    0x000000000000002e     0x1198 ../boot/bootmain.o
 .debug_info    0x00000000000011c6      0x1d6 ../boot/trap.o
 .debug_info    0x000000000000139c     0x18b3 ../uart/uart.o
 .debug_info    0x0000000000002c4f     0x1cc9 ../uart/cmd.o
 .debug_info    0x0000000000004918      0x65e ../uart/xmodem.o
 .debug_info    0x0000000000004f76      0x2fc ../common/util.o
 .debug_info    0x0000000000005272      0x6e7 ../gpio/gpio.o
 .debug_info    0x0000000000005959      0x315 ../spi/spi.o
 .debug_info    0x0000000000005c6e      0x566 ../spi/spi_probe.o
 .debug_info    0x00000000000061d4      0xd0f ../spi/cadence_qspi.o
 .debug_info    0x0000000000006ee3     0x2076 ../spi/spi_flash.o
 .debug_info    0x0000000000008f59     0x23d1 ../spi/cadence_qspi_apb.o
 .debug_info    0x000000000000b32a     0x1536 ../timer/timer.o
 .debug_info    0x000000000000c860      0x139 ../sdio/bouncebuf.o
 .debug_info    0x000000000000c999     0x29eb ../sdio/dw_mmc.o
 .debug_info    0x000000000000f384     0x2b9d ../sdio/mmc.o
 .debug_info    0x0000000000011f21      0xbbc ../sdio/mmc_write.o
 .debug_info    0x0000000000012add     0x12f7 ../sdio/sdio.o
 .debug_info    0x0000000000013dd4      0x388 ../gpt/gpt.o
 .debug_info    0x000000000001415c       0xe8 ../ddrphy_cfg/regconfig.h.sim_PHY.o
 .debug_info    0x0000000000014244       0xdd ../ddrphy_cfg/regconfig.h.sim_PI.o
 .debug_info    0x0000000000014321       0xf0 ../ddrphy_cfg/lpddr4_1600_cl28_bl16/regconfig_pi_start.o
 .debug_info    0x0000000000014411      0x349 ../ddrc_cfg/lpddr4_1066_cl20_bl16/orbit_boot_1066.o

.debug_abbrev   0x0000000000000000     0x39d9
 .debug_abbrev  0x0000000000000000       0x14 ../boot/start.o
 .debug_abbrev  0x0000000000000014      0x3bd ../boot/bootmain.o
 .debug_abbrev  0x00000000000003d1      0x10a ../boot/trap.o
 .debug_abbrev  0x00000000000004db      0x372 ../uart/uart.o
 .debug_abbrev  0x000000000000084d      0x475 ../uart/cmd.o
 .debug_abbrev  0x0000000000000cc2      0x201 ../uart/xmodem.o
 .debug_abbrev  0x0000000000000ec3      0x115 ../common/util.o
 .debug_abbrev  0x0000000000000fd8      0x1f1 ../gpio/gpio.o
 .debug_abbrev  0x00000000000011c9      0x175 ../spi/spi.o
 .debug_abbrev  0x000000000000133e      0x213 ../spi/spi_probe.o
 .debug_abbrev  0x0000000000001551      0x2e4 ../spi/cadence_qspi.o
 .debug_abbrev  0x0000000000001835      0x3f7 ../spi/spi_flash.o
 .debug_abbrev  0x0000000000001c2c      0x3a1 ../spi/cadence_qspi_apb.o
 .debug_abbrev  0x0000000000001fcd      0x457 ../timer/timer.o
 .debug_abbrev  0x0000000000002424       0xdd ../sdio/bouncebuf.o
 .debug_abbrev  0x0000000000002501      0x4f9 ../sdio/dw_mmc.o
 .debug_abbrev  0x00000000000029fa      0x5cb ../sdio/mmc.o
 .debug_abbrev  0x0000000000002fc5      0x292 ../sdio/mmc_write.o
 .debug_abbrev  0x0000000000003257      0x3b6 ../sdio/sdio.o
 .debug_abbrev  0x000000000000360d      0x14d ../gpt/gpt.o
 .debug_abbrev  0x000000000000375a       0x84 ../ddrphy_cfg/regconfig.h.sim_PHY.o
 .debug_abbrev  0x00000000000037de       0x84 ../ddrphy_cfg/regconfig.h.sim_PI.o
 .debug_abbrev  0x0000000000003862       0x84 ../ddrphy_cfg/lpddr4_1600_cl28_bl16/regconfig_pi_start.o
 .debug_abbrev  0x00000000000038e6       0xf3 ../ddrc_cfg/lpddr4_1066_cl20_bl16/orbit_boot_1066.o

.debug_aranges  0x0000000000000000      0x480
 .debug_aranges
                0x0000000000000000       0x30 ../boot/start.o
 .debug_aranges
                0x0000000000000030       0x30 ../boot/bootmain.o
 .debug_aranges
                0x0000000000000060       0x30 ../boot/trap.o
 .debug_aranges
                0x0000000000000090       0x30 ../uart/uart.o
 .debug_aranges
                0x00000000000000c0       0x30 ../uart/cmd.o
 .debug_aranges
                0x00000000000000f0       0x30 ../uart/xmodem.o
 .debug_aranges
                0x0000000000000120       0x30 ../common/util.o
 .debug_aranges
                0x0000000000000150       0x30 ../gpio/gpio.o
 .debug_aranges
                0x0000000000000180       0x30 ../spi/spi.o
 .debug_aranges
                0x00000000000001b0       0x30 ../spi/spi_probe.o
 .debug_aranges
                0x00000000000001e0       0x30 ../spi/cadence_qspi.o
 .debug_aranges
                0x0000000000000210       0x30 ../spi/spi_flash.o
 .debug_aranges
                0x0000000000000240       0x30 ../spi/cadence_qspi_apb.o
 .debug_aranges
                0x0000000000000270       0x30 ../timer/timer.o
 .debug_aranges
                0x00000000000002a0       0x30 ../sdio/bouncebuf.o
 .debug_aranges
                0x00000000000002d0       0x30 ../sdio/dw_mmc.o
 .debug_aranges
                0x0000000000000300       0x30 ../sdio/mmc.o
 .debug_aranges
                0x0000000000000330       0x30 ../sdio/mmc_write.o
 .debug_aranges
                0x0000000000000360       0x30 ../sdio/sdio.o
 .debug_aranges
                0x0000000000000390       0x30 ../gpt/gpt.o
 .debug_aranges
                0x00000000000003c0       0x30 ../ddrphy_cfg/regconfig.h.sim_PHY.o
 .debug_aranges
                0x00000000000003f0       0x30 ../ddrphy_cfg/regconfig.h.sim_PI.o
 .debug_aranges
                0x0000000000000420       0x30 ../ddrphy_cfg/lpddr4_1600_cl28_bl16/regconfig_pi_start.o
 .debug_aranges
                0x0000000000000450       0x30 ../ddrc_cfg/lpddr4_1066_cl20_bl16/orbit_boot_1066.o

.debug_str      0x0000000000000000     0x2086
 .debug_str     0x0000000000000000       0x37 ../boot/start.o
 .debug_str     0x0000000000000037      0x323 ../boot/bootmain.o
                                        0x3db (size before relaxing)
 .debug_str     0x000000000000035a       0x42 ../boot/trap.o
                                        0x10b (size before relaxing)
 .debug_str     0x000000000000039c      0x122 ../uart/uart.o
                                        0x259 (size before relaxing)
 .debug_str     0x00000000000004be      0x23a ../uart/cmd.o
                                        0x379 (size before relaxing)
 .debug_str     0x00000000000006f8       0x7e ../uart/xmodem.o
                                        0x1a7 (size before relaxing)
 .debug_str     0x0000000000000776       0x5d ../common/util.o
                                        0x13d (size before relaxing)
 .debug_str     0x00000000000007d3       0x4e ../gpio/gpio.o
                                        0x180 (size before relaxing)
 .debug_str     0x0000000000000821       0x74 ../spi/spi.o
                                        0x17e (size before relaxing)
 .debug_str     0x0000000000000895       0xe1 ../spi/spi_probe.o
                                        0x24f (size before relaxing)
 .debug_str     0x0000000000000976      0x392 ../spi/cadence_qspi.o
                                        0x55f (size before relaxing)
 .debug_str     0x0000000000000d08      0x2b3 ../spi/spi_flash.o
                                        0x442 (size before relaxing)
 .debug_str     0x0000000000000fbb      0x265 ../spi/cadence_qspi_apb.o
                                        0x5e9 (size before relaxing)
 .debug_str     0x0000000000001220      0x2bc ../timer/timer.o
                                        0x412 (size before relaxing)
 .debug_str     0x00000000000014dc       0x4e ../sdio/bouncebuf.o
                                        0x121 (size before relaxing)
 .debug_str     0x000000000000152a      0x414 ../sdio/dw_mmc.o
                                        0x612 (size before relaxing)
 .debug_str     0x000000000000193e      0x399 ../sdio/mmc.o
                                        0x7be (size before relaxing)
 .debug_str     0x0000000000001cd7       0x8a ../sdio/mmc_write.o
                                        0x477 (size before relaxing)
 .debug_str     0x0000000000001d61      0x213 ../sdio/sdio.o
                                        0x6bc (size before relaxing)
 .debug_str     0x0000000000001f74       0x5e ../gpt/gpt.o
                                        0x2d0 (size before relaxing)
 .debug_str     0x0000000000001fd2       0x24 ../ddrphy_cfg/regconfig.h.sim_PHY.o
                                        0x140 (size before relaxing)
 .debug_str     0x0000000000001ff6       0x23 ../ddrphy_cfg/regconfig.h.sim_PI.o
                                        0x13e (size before relaxing)
 .debug_str     0x0000000000002019       0x39 ../ddrphy_cfg/lpddr4_1600_cl28_bl16/regconfig_pi_start.o
                                        0x15c (size before relaxing)
 .debug_str     0x0000000000002052       0x34 ../ddrc_cfg/lpddr4_1066_cl20_bl16/orbit_boot_1066.o
                                        0x17d (size before relaxing)

.debug_loc      0x0000000000000000    0x1959f
 .debug_loc     0x0000000000000000      0xa7b ../boot/bootmain.o
 .debug_loc     0x0000000000000a7b       0xfe ../boot/trap.o
 .debug_loc     0x0000000000000b79     0x23d3 ../uart/uart.o
 .debug_loc     0x0000000000002f4c     0x2ba0 ../uart/cmd.o
 .debug_loc     0x0000000000005aec      0x96a ../uart/xmodem.o
 .debug_loc     0x0000000000006456      0x5a2 ../common/util.o
 .debug_loc     0x00000000000069f8      0x76c ../gpio/gpio.o
 .debug_loc     0x0000000000007164      0x42f ../spi/spi.o
 .debug_loc     0x0000000000007593      0x427 ../spi/spi_probe.o
 .debug_loc     0x00000000000079ba      0xef5 ../spi/cadence_qspi.o
 .debug_loc     0x00000000000088af     0x323b ../spi/spi_flash.o
 .debug_loc     0x000000000000baea     0x34ec ../spi/cadence_qspi_apb.o
 .debug_loc     0x000000000000efd6     0x160b ../timer/timer.o
 .debug_loc     0x00000000000105e1       0x39 ../sdio/bouncebuf.o
 .debug_loc     0x000000000001061a     0x3055 ../sdio/dw_mmc.o
 .debug_loc     0x000000000001366f     0x3cea ../sdio/mmc.o
 .debug_loc     0x0000000000017359      0x6b8 ../sdio/mmc_write.o
 .debug_loc     0x0000000000017a11      0x981 ../sdio/sdio.o
 .debug_loc     0x0000000000018392      0x1b5 ../gpt/gpt.o
 .debug_loc     0x0000000000018547       0xab ../ddrphy_cfg/regconfig.h.sim_PHY.o
 .debug_loc     0x00000000000185f2       0xab ../ddrphy_cfg/regconfig.h.sim_PI.o
 .debug_loc     0x000000000001869d      0x9f9 ../ddrphy_cfg/lpddr4_1600_cl28_bl16/regconfig_pi_start.o
 .debug_loc     0x0000000000019096      0x509 ../ddrc_cfg/lpddr4_1066_cl20_bl16/orbit_boot_1066.o

.debug_ranges   0x0000000000000000     0x5140
 .debug_ranges  0x0000000000000000      0x400 ../boot/bootmain.o
 .debug_ranges  0x0000000000000400      0x890 ../uart/uart.o
 .debug_ranges  0x0000000000000c90      0x730 ../uart/cmd.o
 .debug_ranges  0x00000000000013c0       0xd0 ../uart/xmodem.o
 .debug_ranges  0x0000000000001490       0x20 ../common/util.o
 .debug_ranges  0x00000000000014b0      0x160 ../gpio/gpio.o
 .debug_ranges  0x0000000000001610       0xf0 ../spi/cadence_qspi.o
 .debug_ranges  0x0000000000001700      0x910 ../spi/spi_flash.o
 .debug_ranges  0x0000000000002010      0x9f0 ../spi/cadence_qspi_apb.o
 .debug_ranges  0x0000000000002a00      0x5e0 ../timer/timer.o
 .debug_ranges  0x0000000000002fe0       0x30 ../sdio/bouncebuf.o
 .debug_ranges  0x0000000000003010      0xaf0 ../sdio/dw_mmc.o
 .debug_ranges  0x0000000000003b00      0xda0 ../sdio/mmc.o
 .debug_ranges  0x00000000000048a0      0x120 ../sdio/mmc_write.o
 .debug_ranges  0x00000000000049c0      0x5e0 ../sdio/sdio.o
 .debug_ranges  0x0000000000004fa0       0x80 ../gpt/gpt.o
 .debug_ranges  0x0000000000005020      0x120 ../ddrc_cfg/lpddr4_1066_cl20_bl16/orbit_boot_1066.o

.debug_frame    0x0000000000000000     0x1d38
 .debug_frame   0x0000000000000000      0x150 ../boot/bootmain.o
 .debug_frame   0x0000000000000150       0x50 ../boot/trap.o
 .debug_frame   0x00000000000001a0      0x1c8 ../uart/uart.o
 .debug_frame   0x0000000000000368      0x428 ../uart/cmd.o
 .debug_frame   0x0000000000000790      0x120 ../uart/xmodem.o
 .debug_frame   0x00000000000008b0       0xa0 ../common/util.o
 .debug_frame   0x0000000000000950       0x70 ../gpio/gpio.o
 .debug_frame   0x00000000000009c0       0x70 ../spi/spi.o
 .debug_frame   0x0000000000000a30       0x60 ../spi/spi_probe.o
 .debug_frame   0x0000000000000a90      0x108 ../spi/cadence_qspi.o
 .debug_frame   0x0000000000000b98      0x438 ../spi/spi_flash.o
 .debug_frame   0x0000000000000fd0      0x270 ../spi/cadence_qspi_apb.o
 .debug_frame   0x0000000000001240      0x250 ../timer/timer.o
 .debug_frame   0x0000000000001490       0x28 ../sdio/bouncebuf.o
 .debug_frame   0x00000000000014b8      0x148 ../sdio/dw_mmc.o
 .debug_frame   0x0000000000001600      0x3f8 ../sdio/mmc.o
 .debug_frame   0x00000000000019f8       0xc8 ../sdio/mmc_write.o
 .debug_frame   0x0000000000001ac0       0xb8 ../sdio/sdio.o
 .debug_frame   0x0000000000001b78       0x38 ../gpt/gpt.o
 .debug_frame   0x0000000000001bb0       0x70 ../ddrphy_cfg/regconfig.h.sim_PHY.o
 .debug_frame   0x0000000000001c20       0x40 ../ddrphy_cfg/regconfig.h.sim_PI.o
 .debug_frame   0x0000000000001c60       0x68 ../ddrphy_cfg/lpddr4_1600_cl28_bl16/regconfig_pi_start.o
 .debug_frame   0x0000000000001cc8       0x70 ../ddrc_cfg/lpddr4_1066_cl20_bl16/orbit_boot_1066.o
